---
source: tests/parse_samples.rs
expression: quest
---
{
  "id": 534,
  "prerequisites": [
    536
  ],
  "properties": {
    "auto_claim": false,
    "desc": "If you are running your bricked blast furnace for a long time you will sometimes get headaches, nausea and other weird effects. Yes this is pollution... from making so much steel. If you can collect some rubber sheets, I will trade you a complete hazmat suit.",
    "global_share": true,
    "icon": null,
    "is_global": false,
    "is_main": false,
    "is_silent": false,
    "locked_progress": 0,
    "name": "§3§lPollution What....?",
    "party_single_reward": false,
    "quest_logic": "AND",
    "repeat_relative": true,
    "repeat_time": -1,
    "simultaneous": false,
    "snd_complete": "random.levelup",
    "snd_update": "random.levelup",
    "task_logic": "AND",
    "visibility": "NORMAL"
  },
  "required_prerequisites": [
    536
  ],
  "rewards": [],
  "tasks": []
}
