---
source: tests/parse_samples.rs
expression: quest
---
{
  "id": 1233,
  "prerequisites": [
    943
  ],
  "properties": {
    "auto_claim": false,
    "desc": "Ender eyes are available at HV in the chemical reactor. Combine some ender pearls with blaze powder.",
    "global_share": true,
    "icon": null,
    "is_global": false,
    "is_main": true,
    "is_silent": false,
    "locked_progress": 0,
    "name": "§9§lEnder Eyes",
    "party_single_reward": false,
    "quest_logic": "AND",
    "repeat_relative": true,
    "repeat_time": -1,
    "simultaneous": false,
    "snd_complete": "random.levelup",
    "snd_update": "random.levelup",
    "task_logic": "AND",
    "visibility": "NORMAL"
  },
  "required_prerequisites": [
    943
  ],
  "rewards": [],
  "tasks": []
}
