---
source: tests/parse_samples.rs
expression: quest
---
{
  "id": 510,
  "prerequisites": [
    515
  ],
  "properties": {
    "auto_claim": false,
    "desc": "Also known as labware. Be prepared. In order to do serious bee-work, you need stacks of diamonds. I'm not joking, stacks! Better start working on that diamond bee!",
    "global_share": true,
    "icon": null,
    "is_global": false,
    "is_main": false,
    "is_silent": false,
    "locked_progress": 0,
    "name": "Diamondware",
    "party_single_reward": false,
    "quest_logic": "AND",
    "repeat_relative": true,
    "repeat_time": -1,
    "simultaneous": false,
    "snd_complete": "random.levelup",
    "snd_update": "random.levelup",
    "task_logic": "AND",
    "visibility": "NORMAL"
  },
  "required_prerequisites": [
    515
  ],
  "rewards": [],
  "tasks": []
}
