---
source: tests/parse_samples.rs
expression: quest
---
{
  "id": 2208,
  "prerequisites": [
    2176,
    2185
  ],
  "properties": {
    "auto_claim": false,
    "desc": "Beware. These bees not only hate everything, they even hate blocks. Put their bee housing far away from everything. Breed them from Demonic and Monastic.",
    "global_share": true,
    "icon": null,
    "is_global": false,
    "is_main": false,
    "is_silent": false,
    "locked_progress": 0,
    "name": "Vindictive",
    "party_single_reward": false,
    "quest_logic": "AND",
    "repeat_relative": true,
    "repeat_time": -1,
    "simultaneous": false,
    "snd_complete": "random.levelup",
    "snd_update": "random.levelup",
    "task_logic": "AND",
    "visibility": "NORMAL"
  },
  "required_prerequisites": [
    2176,
    2185
  ],
  "rewards": [],
  "tasks": []
}
