---
source: tests/parse_samples.rs
expression: quest
---
{
  "id": 1281,
  "optional_prerequisites": [
    1280
  ],
  "prerequisites": [],
  "properties": {
    "auto_claim": false,
    "desc": "Rum. Yummy!",
    "global_share": true,
    "icon": null,
    "is_global": false,
    "is_main": false,
    "is_silent": false,
    "locked_progress": 0,
    "name": "Rum",
    "party_single_reward": false,
    "quest_logic": "OR",
    "repeat_relative": true,
    "repeat_time": -1,
    "simultaneous": false,
    "snd_complete": "random.levelup",
    "snd_update": "random.levelup",
    "task_logic": "AND",
    "visibility": "NORMAL"
  },
  "rewards": [],
  "tasks": []
}
