---
source: tests/parse_samples.rs
expression: quest
---
{
  "id": 3240412560558817492,
  "prerequisites": [
    2656,
    11439228378407189328
  ],
  "properties": {
    "auto_claim": false,
    "desc": "Seems like you really want to swim in essentia?",
    "global_share": false,
    "icon": null,
    "is_global": null,
    "is_main": false,
    "is_silent": false,
    "locked_progress": 0,
    "name": "Essentia Quantum Storage",
    "party_single_reward": null,
    "quest_logic": "AND",
    "repeat_relative": true,
    "repeat_time": -1,
    "simultaneous": false,
    "snd_complete": "random.levelup",
    "snd_update": "random.levelup",
    "task_logic": "AND",
    "visibility": "NORMAL"
  },
  "required_prerequisites": [
    2656,
    11439228378407189328
  ],
  "rewards": [],
  "tasks": []
}
