---
source: tests/parse_samples.rs
expression: quest
---
{
  "id": 3057,
  "prerequisites": [
    3055
  ],
  "properties": {
    "auto_claim": false,
    "desc": "Yep, this really is an all-rounder line. Again you'll need some ammonium nitrate. Just another reminder for those who are yet to make a dedicated nitric acid setup :P",
    "global_share": false,
    "icon": null,
    "is_global": null,
    "is_main": true,
    "is_silent": false,
    "locked_progress": 0,
    "name": "§b§lChemically Bathing!",
    "party_single_reward": null,
    "quest_logic": "AND",
    "repeat_relative": true,
    "repeat_time": -1,
    "simultaneous": false,
    "snd_complete": "random.levelup",
    "snd_update": "random.levelup",
    "task_logic": "AND",
    "visibility": "NORMAL"
  },
  "required_prerequisites": [
    3055
  ],
  "rewards": [],
  "tasks": []
}
