---
source: tests/parse_samples.rs
expression: quest
---
{
  "id": 2572,
  "prerequisites": [
    3296,
    3233
  ],
  "properties": {
    "auto_claim": false,
    "desc": "You'll need a lot of these to make a full stargate...",
    "global_share": false,
    "icon": null,
    "is_global": null,
    "is_main": true,
    "is_silent": false,
    "locked_progress": 0,
    "name": "The Door to Heaven?",
    "party_single_reward": null,
    "quest_logic": "AND",
    "repeat_relative": true,
    "repeat_time": -1,
    "simultaneous": false,
    "snd_complete": "random.levelup",
    "snd_update": "random.levelup",
    "task_logic": "AND",
    "visibility": "NORMAL"
  },
  "required_prerequisites": [
    3296,
    3233
  ],
  "rewards": [],
  "tasks": []
}
