---
source: tests/parse_samples.rs
expression: quest
---
{
  "id": 1128,
  "prerequisites": [
    867
  ],
  "properties": {
    "auto_claim": false,
    "desc": "Maybe you were lucky and received the luck modifier on your pickaxe. If not, you may still have an unused modifier on your pick so you can add some lapis lazuli. Or you can perhaps add another modifier by adding a diamond and a gold block to your pick and then add some lapis.\n\nYou can put the lapis lazuli in more than one slot in the tool station, use blocks to raise the luck level faster, and even use lapis blocks in the crafting station with your tool for maximum luck gain.",
    "global_share": true,
    "icon": null,
    "is_global": false,
    "is_main": false,
    "is_silent": false,
    "locked_progress": 0,
    "name": "§3§lLapis? Lucky!",
    "party_single_reward": false,
    "quest_logic": "AND",
    "repeat_relative": true,
    "repeat_time": -1,
    "simultaneous": false,
    "snd_complete": "random.levelup",
    "snd_update": "random.levelup",
    "task_logic": "AND",
    "visibility": "NORMAL"
  },
  "required_prerequisites": [
    867
  ],
  "rewards": [],
  "tasks": []
}
