---
source: tests/parse_samples.rs
expression: quest
---
{
  "id": 1487,
  "prerequisites": [
    1486
  ],
  "properties": {
    "auto_claim": false,
    "desc": "In the next step you cool your Glowing Marshmallow in an HV Vacuum Freezer to make it more stable.\n\nYou still get Weakness II and Nausea II.",
    "global_share": true,
    "icon": null,
    "is_global": false,
    "is_main": false,
    "is_silent": false,
    "locked_progress": 0,
    "name": "Cooling Your Marshmallow",
    "party_single_reward": false,
    "quest_logic": "AND",
    "repeat_relative": true,
    "repeat_time": -1,
    "simultaneous": false,
    "snd_complete": "random.levelup",
    "snd_update": "random.levelup",
    "task_logic": "AND",
    "visibility": "NORMAL"
  },
  "required_prerequisites": [
    1486
  ],
  "rewards": [],
  "tasks": []
}
