---
source: tests/parse_samples.rs
expression: quest
---
{
  "id": 753,
  "prerequisites": [
    754,
    749
  ],
  "properties": {
    "auto_claim": false,
    "desc": "Stainless Steel ingots are made in the Electric Blast Furnace at a temperature of 1700K.\n\nIt takes 85 seconds at 480 EU/t or 60 seconds at 480 EU/t by adding Oxygen gas. Always add a gas if you can, you're saving tons of power by doing so, and you're gonna need a TON of SS. The Cracker, Large Steam Turbine, and Distillery Tower all need huge amounts of SS. A single DT uses several stacks, and you're gonna want more than just one.",
    "global_share": true,
    "icon": null,
    "is_global": false,
    "is_main": true,
    "is_silent": false,
    "locked_progress": 0,
    "name": "§6§lStainless Steel EBF processing",
    "party_single_reward": false,
    "quest_logic": "AND",
    "repeat_relative": true,
    "repeat_time": -1,
    "simultaneous": false,
    "snd_complete": "random.levelup",
    "snd_update": "random.levelup",
    "task_logic": "AND",
    "visibility": "NORMAL"
  },
  "required_prerequisites": [
    754,
    749
  ],
  "rewards": [],
  "tasks": []
}
