---
source: tests/parse_samples.rs
expression: quest
---
{
  "id": 3063,
  "prerequisites": [
    3062
  ],
  "properties": {
    "auto_claim": false,
    "desc": "You'll need to add even more nitric acid to be able to deal with the dust further.",
    "global_share": false,
    "icon": null,
    "is_global": null,
    "is_main": true,
    "is_silent": false,
    "locked_progress": 0,
    "name": "§b§lNitration Time... Again",
    "party_single_reward": null,
    "quest_logic": "AND",
    "repeat_relative": true,
    "repeat_time": -1,
    "simultaneous": false,
    "snd_complete": "random.levelup",
    "snd_update": "random.levelup",
    "task_logic": "AND",
    "visibility": "NORMAL"
  },
  "required_prerequisites": [
    3062
  ],
  "rewards": [],
  "tasks": []
}
