---
source: tests/parse_samples.rs
expression: quest
---
{
  "id": 1213,
  "prerequisites": [
    1212
  ],
  "properties": {
    "auto_claim": false,
    "desc": "To make a mk2 reactor, ender quarry, T5 rocket, unlock ZPM, or other things, you will need europium. Once you make a t5 rocket you will be able to find this as part of a very rare ore. Until then you need to produce it in the reactor. But it's probably not worth it to look for the ore anyway.",
    "global_share": true,
    "icon": null,
    "is_global": false,
    "is_main": true,
    "is_silent": false,
    "locked_progress": 0,
    "name": "§c§lGetting Europium",
    "party_single_reward": false,
    "quest_logic": "AND",
    "repeat_relative": true,
    "repeat_time": -1,
    "simultaneous": false,
    "snd_complete": "random.levelup",
    "snd_update": "random.levelup",
    "task_logic": "AND",
    "visibility": "NORMAL"
  },
  "required_prerequisites": [
    1212
  ],
  "rewards": [],
  "tasks": []
}
