---
source: tests/parse_samples.rs
expression: quest
---
{
  "id": 818,
  "prerequisites": [
    832,
    80
  ],
  "properties": {
    "auto_claim": false,
    "desc": "The frequency Module will help you hear sounds properly while in space (it's also used with the telemetry unit so that your buddies can keep track of you from your base, if you are playing with friends). You need it in your inventory and in the Moon lander.",
    "global_share": true,
    "icon": null,
    "is_global": false,
    "is_main": true,
    "is_silent": false,
    "locked_progress": 0,
    "name": "Frequency Module",
    "party_single_reward": false,
    "quest_logic": "AND",
    "repeat_relative": true,
    "repeat_time": -1,
    "simultaneous": false,
    "snd_complete": "random.levelup",
    "snd_update": "random.levelup",
    "task_logic": "AND",
    "visibility": "NORMAL"
  },
  "required_prerequisites": [
    832,
    80
  ],
  "rewards": [],
  "tasks": []
}
