---
source: tests/parse_samples.rs
expression: quest
---
{
  "id": 66,
  "prerequisites": [
    67,
    871
  ],
  "properties": {
    "auto_claim": false,
    "desc": "Good news! You are now able to advance to the next tier! Bad news: You still have to craft a lot of things before you can begin. Fear not mortal, I shall guide you!",
    "global_share": true,
    "icon": null,
    "is_global": false,
    "is_main": true,
    "is_silent": false,
    "locked_progress": 0,
    "name": "§3§lTime For Some Logic",
    "party_single_reward": false,
    "quest_logic": "AND",
    "repeat_relative": true,
    "repeat_time": -1,
    "simultaneous": false,
    "snd_complete": "random.levelup",
    "snd_update": "random.levelup",
    "task_logic": "AND",
    "visibility": "NORMAL"
  },
  "required_prerequisites": [
    67,
    871
  ],
  "rewards": [],
  "tasks": []
}
