---
source: tests/parse_samples.rs
expression: quest
---
{
  "id": 6377744337315601751,
  "prerequisites": [
    1517
  ],
  "properties": {
    "auto_claim": false,
    "desc": "The Draconic Chest is a special upgrade of the compressed chest. In addition to a large inventory size and being able to retain it's contents, it has a crafting station and a furnace integrated directly into it. \n\nThe smelting module can be powered by EU or RF and has an internal buffer of it's own. It can smelt up to 5 items at a time.",
    "global_share": false,
    "icon": null,
    "is_global": null,
    "is_main": false,
    "is_silent": false,
    "locked_progress": 0,
    "name": "§6§lDraconic Chest",
    "party_single_reward": null,
    "quest_logic": "AND",
    "repeat_relative": true,
    "repeat_time": -1,
    "simultaneous": false,
    "snd_complete": "random.levelup",
    "snd_update": "random.levelup",
    "task_logic": "AND",
    "visibility": "NORMAL"
  },
  "required_prerequisites": [
    1517
  ],
  "rewards": [],
  "tasks": []
}
