---
source: tests/parse_samples.rs
expression: quest
---
{
  "id": 2614,
  "prerequisites": [
    2613
  ],
  "properties": {
    "auto_claim": false,
    "desc": "Are you okay? Playing this much might not be healthy you know?",
    "global_share": false,
    "icon": null,
    "is_global": null,
    "is_main": true,
    "is_silent": false,
    "locked_progress": 0,
    "name": "Admit it, You Love This Pt 1 in UV",
    "party_single_reward": null,
    "quest_logic": "AND",
    "repeat_relative": true,
    "repeat_time": -1,
    "simultaneous": false,
    "snd_complete": "random.levelup",
    "snd_update": "random.levelup",
    "task_logic": "AND",
    "visibility": "NORMAL"
  },
  "required_prerequisites": [
    2613
  ],
  "rewards": [],
  "tasks": []
}
