---
source: tests/parse_samples.rs
expression: quest
---
{
  "id": 2100,
  "prerequisites": [
    2081
  ],
  "properties": {
    "auto_claim": false,
    "desc": "The Lab Stand is a block on which an Apiarist Database, Arborist Database, Botanist Database or Gene Database can be placed by right-clicking on the placed stand with the database, attaching it and allowing the database to be accessed by right-clicking on the stand.",
    "global_share": true,
    "icon": null,
    "is_global": false,
    "is_main": false,
    "is_silent": false,
    "locked_progress": 0,
    "name": "Lab Stand",
    "party_single_reward": false,
    "quest_logic": "AND",
    "repeat_relative": true,
    "repeat_time": -1,
    "simultaneous": false,
    "snd_complete": "random.levelup",
    "snd_update": "random.levelup",
    "task_logic": "AND",
    "visibility": "NORMAL"
  },
  "required_prerequisites": [
    2081
  ],
  "rewards": [],
  "tasks": []
}
