---
source: tests/parse_samples.rs
expression: quest
---
{
  "id": 632,
  "prerequisites": [
    493
  ],
  "properties": {
    "auto_claim": false,
    "desc": "Have you ever tried to catch a fish with your bare hands? It's time to craft a fishing rod and get some fish the easy way. Cast your fishing rod in some water and wait until the bobber dips below the surface. Then reel back in your line and hopefully you caught yourself something nice.",
    "global_share": true,
    "icon": null,
    "is_global": false,
    "is_main": false,
    "is_silent": false,
    "locked_progress": 1,
    "name": "A Fisherman's Friend",
    "party_single_reward": false,
    "quest_logic": "AND",
    "repeat_relative": true,
    "repeat_time": -1,
    "simultaneous": false,
    "snd_complete": "random.levelup",
    "snd_update": "random.levelup",
    "task_logic": "AND",
    "visibility": "NORMAL"
  },
  "required_prerequisites": [
    493
  ],
  "rewards": [],
  "tasks": []
}
