---
source: tests/parse_samples.rs
expression: quest
---
{
  "id": 1113,
  "prerequisites": [
    502
  ],
  "properties": {
    "auto_claim": false,
    "desc": "Impregnated Frames are even better than untreated Frames.\nEach frame doubles the bee's productivity. It has a longer durability than the untreated frame, but a shorter one compared to the proven frame.",
    "global_share": true,
    "icon": null,
    "is_global": false,
    "is_main": false,
    "is_silent": false,
    "locked_progress": 0,
    "name": "Impregnated Frames",
    "party_single_reward": false,
    "quest_logic": "AND",
    "repeat_relative": true,
    "repeat_time": -1,
    "simultaneous": false,
    "snd_complete": "random.levelup",
    "snd_update": "random.levelup",
    "task_logic": "AND",
    "visibility": "NORMAL"
  },
  "required_prerequisites": [
    502
  ],
  "rewards": [],
  "tasks": []
}
