---
source: tests/parse_samples.rs
expression: quest
---
{
  "id": 1280,
  "prerequisites": [
    1274,
    1277
  ],
  "properties": {
    "auto_claim": false,
    "desc": "Making rum can be automated, but you need to follow this industrial way for it.",
    "global_share": true,
    "icon": null,
    "is_global": false,
    "is_main": false,
    "is_silent": false,
    "locked_progress": 0,
    "name": "The industrial way",
    "party_single_reward": false,
    "quest_logic": "AND",
    "repeat_relative": true,
    "repeat_time": -1,
    "simultaneous": false,
    "snd_complete": "random.levelup",
    "snd_update": "random.levelup",
    "task_logic": "AND",
    "visibility": "NORMAL"
  },
  "required_prerequisites": [
    1274,
    1277
  ],
  "rewards": [],
  "tasks": []
}
