---
source: tests/parse_samples.rs
expression: quest
---
{
  "id": 2233,
  "prerequisites": [
    2213,
    2219
  ],
  "properties": {
    "auto_claim": false,
    "desc": "Vis bees lead to some of the most powerful bees in the whole pack. They require a node within 75m of the bee housing. Make sure the lunar phase matches the requirements. Breed them from Ethereal and Infernal.",
    "global_share": true,
    "icon": null,
    "is_global": false,
    "is_main": false,
    "is_silent": false,
    "locked_progress": 0,
    "name": "Vis",
    "party_single_reward": false,
    "quest_logic": "AND",
    "repeat_relative": true,
    "repeat_time": -1,
    "simultaneous": false,
    "snd_complete": "random.levelup",
    "snd_update": "random.levelup",
    "task_logic": "AND",
    "visibility": "NORMAL"
  },
  "required_prerequisites": [
    2213,
    2219
  ],
  "rewards": [],
  "tasks": []
}
