---
source: tests/parse_samples.rs
expression: quest
---
{
  "id": 992,
  "prerequisites": [
    502
  ],
  "properties": {
    "auto_claim": false,
    "desc": "Next you'll need to find some tropical bees. The hives can be found in Jungle biomes. Be careful as these bees are very aggressive and can poison you. Collect the silky combs and extract some silk wisp from those in order to make some Apiarist's clothes. Try to get pristine bees. If you're having trouble finding them, you can use Nature's Compass to search for a specific biome.",
    "global_share": true,
    "icon": null,
    "is_global": false,
    "is_main": false,
    "is_silent": false,
    "locked_progress": 0,
    "name": "Go Find Some Tropical Bees",
    "party_single_reward": false,
    "quest_logic": "AND",
    "repeat_relative": true,
    "repeat_time": -1,
    "simultaneous": false,
    "snd_complete": "random.levelup",
    "snd_update": "random.levelup",
    "task_logic": "AND",
    "visibility": "NORMAL"
  },
  "required_prerequisites": [
    502
  ],
  "rewards": [],
  "tasks": []
}
