---
source: tests/parse_samples.rs
expression: quest
---
{
  "id": 1229,
  "prerequisites": [
    176
  ],
  "properties": {
    "auto_claim": false,
    "desc": "The next circuit line requires Epoxid. To start, let's get some Phenol.\n\nThe easiest way is to get phenol out of heavy fuel. There are other ways, like getting it out of wood tar from a pyrolyse oven, isopropylbenzene and oxygen, or chlorobenzene and water.\n\n§6Already automated Epoxid? Hold 128 sheets to skip this questline.",
    "global_share": true,
    "icon": null,
    "is_global": false,
    "is_main": true,
    "is_silent": false,
    "locked_progress": 0,
    "name": "§a§lPhenol",
    "party_single_reward": false,
    "quest_logic": "AND",
    "repeat_relative": true,
    "repeat_time": -1,
    "simultaneous": false,
    "snd_complete": "random.levelup",
    "snd_update": "random.levelup",
    "task_logic": "AND",
    "visibility": "NORMAL"
  },
  "required_prerequisites": [
    176
  ],
  "rewards": [],
  "tasks": []
}
