---
source: tests/parse_samples.rs
expression: quest
---
{
  "id": 487,
  "prerequisites": [
    486
  ],
  "properties": {
    "auto_claim": false,
    "desc": "As you might know: tanned leather is more resistant and good enough for a backpack. Let's get a digger's backpack and a miner's backpack. Each pack holds different items. So use both for your first true back-packed mining experience.",
    "global_share": true,
    "icon": null,
    "is_global": false,
    "is_main": false,
    "is_silent": false,
    "locked_progress": 0,
    "name": "§2§lNeed More Space?",
    "party_single_reward": false,
    "quest_logic": "AND",
    "repeat_relative": true,
    "repeat_time": -1,
    "simultaneous": false,
    "snd_complete": "random.levelup",
    "snd_update": "random.levelup",
    "task_logic": "AND",
    "visibility": "NORMAL"
  },
  "required_prerequisites": [
    486
  ],
  "rewards": [],
  "tasks": []
}
