---
source: tests/parse_samples.rs
expression: quest
---
{
  "id": 401,
  "prerequisites": [
    1584
  ],
  "properties": {
    "auto_claim": false,
    "desc": "Leonard is the demonic being who is rumored to have taught a cadre of German witches their trade, and often presided over their sabbats. A skilled coven with the witches cauldron can summon a Shade of the Demon according to the method described in the Witches' Brews book.",
    "global_share": true,
    "icon": null,
    "is_global": false,
    "is_main": false,
    "is_silent": false,
    "locked_progress": 0,
    "name": "Kill Shade of Leonard",
    "party_single_reward": false,
    "quest_logic": "AND",
    "repeat_relative": true,
    "repeat_time": -1,
    "simultaneous": false,
    "snd_complete": "random.levelup",
    "snd_update": "random.levelup",
    "task_logic": "AND",
    "visibility": "NORMAL"
  },
  "required_prerequisites": [
    1584
  ],
  "rewards": [],
  "tasks": []
}
