---
source: tests/parse_samples.rs
expression: quest
---
{
  "id": 2742,
  "prerequisites": [
    422
  ],
  "properties": {
    "auto_claim": false,
    "desc": "Finally, a use for those bloody coins! Buy some slates!",
    "global_share": false,
    "icon": null,
    "is_global": null,
    "is_main": false,
    "is_silent": false,
    "locked_progress": 0,
    "name": "T2 BM Slates",
    "party_single_reward": null,
    "quest_logic": "AND",
    "repeat_relative": true,
    "repeat_time": 24000,
    "simultaneous": false,
    "snd_complete": "random.levelup",
    "snd_update": "random.levelup",
    "task_logic": "AND",
    "visibility": "NORMAL"
  },
  "required_prerequisites": [
    422
  ],
  "rewards": [],
  "tasks": []
}
