---
source: tests/parse_samples.rs
expression: quest
---
{
  "id": 3213,
  "prerequisites": [
    3212
  ],
  "properties": {
    "auto_claim": false,
    "desc": "As a second step, we combine the Tetrachloride with Sodium Dust. There we go! The Silicon Dust is now purified to solar grade!\n\nThe Chlorine and Sodium are §onot§r lost during this process. To recover them, just electrolyze the Salt you get at the end and send it back to the Chemical Reactors, for a complete loop that turns Raw Silicon into Solar Grade Silicon.",
    "global_share": true,
    "icon": null,
    "is_global": null,
    "is_main": true,
    "is_silent": false,
    "locked_progress": 0,
    "name": "§6§lSilicon Tetrachloride - continued",
    "party_single_reward": null,
    "quest_logic": "AND",
    "repeat_relative": true,
    "repeat_time": -1,
    "simultaneous": false,
    "snd_complete": "random.levelup",
    "snd_update": "random.levelup",
    "task_logic": "AND",
    "visibility": "NORMAL"
  },
  "required_prerequisites": [
    3212
  ],
  "rewards": [],
  "tasks": []
}
