---
source: tests/parse_samples.rs
expression: quest
---
{
  "id": 7355012160241084707,
  "prerequisites": [
    12181192370669533317
  ],
  "properties": {
    "auto_claim": false,
    "desc": "Has 64 parallels and consumes ~30b EU/t per module, expensive to run but absolutely worth it.",
    "global_share": false,
    "icon": null,
    "is_global": null,
    "is_main": false,
    "is_silent": false,
    "locked_progress": 0,
    "name": "Assembling on Space Steroids",
    "party_single_reward": null,
    "quest_logic": "AND",
    "repeat_relative": true,
    "repeat_time": -1,
    "simultaneous": false,
    "snd_complete": "random.levelup",
    "snd_update": "random.levelup",
    "task_logic": "AND",
    "visibility": "NORMAL"
  },
  "required_prerequisites": [
    12181192370669533317
  ],
  "rewards": [],
  "tasks": []
}
