---
source: tests/parse_samples.rs
expression: quest
---
{
  "id": 910,
  "prerequisites": [
    479
  ],
  "properties": {
    "auto_claim": false,
    "desc": "\"Zombie Pigman\"? What the hell is going on with you zombies?! Maybe you should encase your animals better at night...",
    "global_share": true,
    "icon": null,
    "is_global": false,
    "is_main": false,
    "is_silent": false,
    "locked_progress": 0,
    "name": "Time to Kill (Pigman)",
    "party_single_reward": false,
    "quest_logic": "AND",
    "repeat_relative": true,
    "repeat_time": 432000,
    "simultaneous": false,
    "snd_complete": "random.levelup",
    "snd_update": "random.levelup",
    "task_logic": "AND",
    "visibility": "NORMAL"
  },
  "required_prerequisites": [
    479
  ],
  "rewards": [],
  "tasks": []
}
