---
source: tests/parse_samples.rs
expression: quest
---
{
  "id": 1649,
  "prerequisites": [
    332,
    334
  ],
  "properties": {
    "auto_claim": false,
    "desc": "...And sexy male librarians. And also smart witches who want to learn their way around. Craft the first group of Witchery books, or find them in a village.",
    "global_share": true,
    "icon": null,
    "is_global": false,
    "is_main": false,
    "is_silent": false,
    "locked_progress": 0,
    "name": "Books Are For Nerds...",
    "party_single_reward": false,
    "quest_logic": "AND",
    "repeat_relative": true,
    "repeat_time": -1,
    "simultaneous": false,
    "snd_complete": "random.levelup",
    "snd_update": "random.levelup",
    "task_logic": "AND",
    "visibility": "NORMAL"
  },
  "required_prerequisites": [
    332,
    334
  ],
  "rewards": [],
  "tasks": []
}
