---
source: tests/parse_samples.rs
expression: quest
---
{
  "id": 1134,
  "prerequisites": [
    608
  ],
  "properties": {
    "auto_claim": false,
    "desc": "The LV GT++ Steam Boiler is the next machine you can build to produce steam more efficiently than with the previous single block boilers. It won't use fuel unless it cools below 100 degrees and gains a higher efficiency with longer burning fuels.\n\n[note]Fortunately, it won't explode if you let it run dry but it §nwill waste fuel§r if there is no water present.[/note]",
    "global_share": true,
    "icon": null,
    "is_global": false,
    "is_main": false,
    "is_silent": false,
    "locked_progress": 0,
    "name": "§5§lLV Advanced Steam Boiler",
    "party_single_reward": false,
    "quest_logic": "AND",
    "repeat_relative": true,
    "repeat_time": -1,
    "simultaneous": false,
    "snd_complete": "random.levelup",
    "snd_update": "random.levelup",
    "task_logic": "AND",
    "visibility": "NORMAL"
  },
  "required_prerequisites": [
    608
  ],
  "rewards": [],
  "tasks": []
}
