---
source: tests/parse_samples.rs
expression: quest
---
{
  "id": 2275,
  "prerequisites": [
    2274,
    2219
  ],
  "properties": {
    "auto_claim": false,
    "desc": "Ghastly bees will spawn Ghasts, so beeee careful. Their specialty is Ghast Tears. They only have 1 fertility so you want to make sure you breed the drones with your master template princess. Breed them from Batty and Ethereal.",
    "global_share": true,
    "icon": null,
    "is_global": false,
    "is_main": false,
    "is_silent": false,
    "locked_progress": 0,
    "name": "Ghastly",
    "party_single_reward": false,
    "quest_logic": "AND",
    "repeat_relative": true,
    "repeat_time": -1,
    "simultaneous": false,
    "snd_complete": "random.levelup",
    "snd_update": "random.levelup",
    "task_logic": "AND",
    "visibility": "NORMAL"
  },
  "required_prerequisites": [
    2274,
    2219
  ],
  "rewards": [],
  "tasks": []
}
