---
source: tests/parse_samples.rs
expression: quest
---
{
  "id": 2328,
  "prerequisites": [
    2327
  ],
  "properties": {
    "auto_claim": false,
    "desc": "This is the last step for Rhodium. You also get some Chlorine and Ammonia back.",
    "global_share": false,
    "icon": null,
    "is_global": null,
    "is_main": true,
    "is_silent": false,
    "locked_progress": 0,
    "name": "§b§lRhodium",
    "party_single_reward": false,
    "quest_logic": "AND",
    "repeat_relative": true,
    "repeat_time": -1,
    "simultaneous": false,
    "snd_complete": "random.levelup",
    "snd_update": "random.levelup",
    "task_logic": "AND",
    "visibility": "CHAIN"
  },
  "required_prerequisites": [
    2327
  ],
  "rewards": [],
  "tasks": []
}
