---
source: tests/parse_samples.rs
expression: quest
---
{
  "id": 31,
  "prerequisites": [
    474
  ],
  "properties": {
    "auto_claim": false,
    "desc": "Tin ingots can be created by smelting Tin, Cassiterite, or Cassiterite Sand ore. Tin and Cassiterite ores are only found at high altitudes, but Cassiterite Sand ore is plentiful near the surface.\n\nIf you get lucky and find a high altitude Tin/Cassiterite vein, save one of the Cassiterite ore to find a Mica vein later on using the ore finder wand.",
    "global_share": true,
    "icon": null,
    "is_global": false,
    "is_main": true,
    "is_silent": false,
    "locked_progress": 0,
    "name": "§2§lTin",
    "party_single_reward": false,
    "quest_logic": "AND",
    "repeat_relative": true,
    "repeat_time": -1,
    "simultaneous": false,
    "snd_complete": "random.levelup",
    "snd_update": "random.levelup",
    "task_logic": "AND",
    "visibility": "NORMAL"
  },
  "required_prerequisites": [
    474
  ],
  "rewards": [],
  "tasks": []
}
