---
source: tests/parse_samples.rs
expression: quest
---
{
  "id": 2289,
  "prerequisites": [
    2274,
    2287
  ],
  "properties": {
    "auto_claim": false,
    "desc": "sudo make me a sandwich. Or a bee that makes sandwich parts anyways. Breed them from Batty and Agrarian.",
    "global_share": true,
    "icon": null,
    "is_global": false,
    "is_main": false,
    "is_silent": false,
    "locked_progress": 0,
    "name": "Sandwich",
    "party_single_reward": false,
    "quest_logic": "AND",
    "repeat_relative": true,
    "repeat_time": -1,
    "simultaneous": false,
    "snd_complete": "random.levelup",
    "snd_update": "random.levelup",
    "task_logic": "AND",
    "visibility": "NORMAL"
  },
  "required_prerequisites": [
    2274,
    2287
  ],
  "rewards": [],
  "tasks": []
}
