---
source: tests/parse_samples.rs
expression: quest
---
{
  "id": 2134,
  "prerequisites": [
    2133
  ],
  "properties": {
    "auto_claim": false,
    "desc": "The Cocobolo is a nice tall tree, perfect for mating into your other trees to maximize their yield. Breed it by mating Desert Acacia with Dark Oak.",
    "global_share": true,
    "icon": null,
    "is_global": false,
    "is_main": false,
    "is_silent": false,
    "locked_progress": 0,
    "name": "Cocobolo",
    "party_single_reward": false,
    "quest_logic": "AND",
    "repeat_relative": true,
    "repeat_time": -1,
    "simultaneous": false,
    "snd_complete": "random.levelup",
    "snd_update": "random.levelup",
    "task_logic": "AND",
    "visibility": "NORMAL"
  },
  "required_prerequisites": [
    2133
  ],
  "rewards": [],
  "tasks": []
}
