---
source: tests/parse_samples.rs
expression: quest
---
{
  "id": 41,
  "prerequisites": [
    43
  ],
  "properties": {
    "auto_claim": false,
    "desc": "You have decided it's time to make some tasty pizza, but your fingers got burned badly. Reading an ancient cookbook you discovered a pair of magical items that would allow you to carry anything hot, even lava in a bucket.\n\n§5The gloves have to be placed in the Baubles ring slots. Order does not matter.\n\n§rFor the protection effect, the hot item has to be in your active slot. I wonder if there is some way to carry more than a few buckets at a time?",
    "global_share": true,
    "icon": null,
    "is_global": false,
    "is_main": true,
    "is_silent": false,
    "locked_progress": 0,
    "name": "§2§lDon't Burn Your Fingers!",
    "party_single_reward": false,
    "quest_logic": "AND",
    "repeat_relative": true,
    "repeat_time": -1,
    "simultaneous": false,
    "snd_complete": "random.levelup",
    "snd_update": "random.levelup",
    "task_logic": "AND",
    "visibility": "NORMAL"
  },
  "required_prerequisites": [
    43
  ],
  "rewards": [],
  "tasks": []
}
