---
source: tests/parse_samples.rs
expression: quest
---
{
  "id": 1468,
  "prerequisites": [
    1429
  ],
  "properties": {
    "auto_claim": false,
    "desc": "The Heavy oxygen tank is an oxygen storage tank that can hold up to 4000 units of air.",
    "global_share": true,
    "icon": null,
    "is_global": false,
    "is_main": false,
    "is_silent": false,
    "locked_progress": 0,
    "name": "Large Oxygen Tanks",
    "party_single_reward": false,
    "quest_logic": "AND",
    "repeat_relative": true,
    "repeat_time": -1,
    "simultaneous": false,
    "snd_complete": "random.levelup",
    "snd_update": "random.levelup",
    "task_logic": "AND",
    "visibility": "NORMAL"
  },
  "required_prerequisites": [
    1429
  ],
  "rewards": [],
  "tasks": []
}
