---
source: tests/parse_samples.rs
expression: quest
---
{
  "id": 256,
  "prerequisites": [
    241
  ],
  "properties": {
    "auto_claim": false,
    "desc": "Way better. More than Lignite even. It even speeds up the dissolving of items in an alchemical furnace.",
    "global_share": true,
    "icon": null,
    "is_global": false,
    "is_main": true,
    "is_silent": false,
    "locked_progress": 0,
    "name": "Not Coal",
    "party_single_reward": false,
    "quest_logic": "AND",
    "repeat_relative": true,
    "repeat_time": -1,
    "simultaneous": false,
    "snd_complete": "random.levelup",
    "snd_update": "random.levelup",
    "task_logic": "AND",
    "visibility": "NORMAL"
  },
  "required_prerequisites": [
    241
  ],
  "rewards": [],
  "tasks": []
}
