---
source: tests/parse_samples.rs
expression: quest
---
{
  "id": 83,
  "prerequisites": [
    77
  ],
  "properties": {
    "auto_claim": false,
    "desc": "Sure, those coke ovens are nice, but they aren't even remotely fast enough to keep up with a large steam boiler. Luckily, there is an upgrade available! The creosote oil will not be produced, but the process will speed up dramatically. Who needs that nasty yellowish flammable stuff anyway...",
    "global_share": true,
    "icon": null,
    "is_global": false,
    "is_main": false,
    "is_silent": false,
    "locked_progress": 0,
    "name": "§6§lHigh-Speed Charcoal",
    "party_single_reward": false,
    "quest_logic": "AND",
    "repeat_relative": true,
    "repeat_time": -1,
    "simultaneous": false,
    "snd_complete": "random.levelup",
    "snd_update": "random.levelup",
    "task_logic": "AND",
    "visibility": "NORMAL"
  },
  "required_prerequisites": [
    77
  ],
  "rewards": [],
  "tasks": []
}
