---
source: tests/parse_samples.rs
expression: quest
---
{
  "id": 831,
  "prerequisites": [
    832
  ],
  "properties": {
    "auto_claim": false,
    "desc": "The advanced wafer is used for more advanced machines such as the advanced solar panel or the Avaritia dire crafting table. It is also used in the creation of a space station.",
    "global_share": true,
    "icon": null,
    "is_global": false,
    "is_main": false,
    "is_silent": false,
    "locked_progress": 0,
    "name": "Advanced Wafers",
    "party_single_reward": false,
    "quest_logic": "AND",
    "repeat_relative": true,
    "repeat_time": -1,
    "simultaneous": false,
    "snd_complete": "random.levelup",
    "snd_update": "random.levelup",
    "task_logic": "AND",
    "visibility": "NORMAL"
  },
  "required_prerequisites": [
    832
  ],
  "rewards": [],
  "tasks": []
}
