---
source: tests/parse_samples.rs
expression: quest
---
{
  "id": 17036923628064755079,
  "prerequisites": [
    247214550307660793
  ],
  "properties": {
    "auto_claim": false,
    "desc": "Once you've managed to aquire 36 of these Intensely Bonded Netherite Nanoparticles you can finally create your very first Netherite material: The §4§lDense Netherite Plate§r.\n\nYou will need one of these for the §3§lMk1 Fusion Reactor§r, which is required to create the rest of the Netherite materials.",
    "global_share": false,
    "icon": null,
    "is_global": null,
    "is_main": true,
    "is_silent": false,
    "locked_progress": 0,
    "name": "§c§lDense Netherite Plate",
    "party_single_reward": null,
    "quest_logic": "AND",
    "repeat_relative": true,
    "repeat_time": -1,
    "simultaneous": false,
    "snd_complete": "random.levelup",
    "snd_update": "random.levelup",
    "task_logic": "AND",
    "visibility": "NORMAL"
  },
  "required_prerequisites": [
    247214550307660793
  ],
  "rewards": [],
  "tasks": []
}
