---
source: tests/parse_samples.rs
expression: quest
---
{
  "id": 3272,
  "prerequisites": [
    294
  ],
  "properties": {
    "auto_claim": false,
    "desc": "Well this is a bad idea, but since when has that stopped you before, golems with brains, what could go wrong?\n\n§3You only need to complete one task.",
    "global_share": true,
    "icon": null,
    "is_global": false,
    "is_main": false,
    "is_silent": false,
    "locked_progress": 0,
    "name": "Ignore the Glint in Their Eyes",
    "party_single_reward": false,
    "quest_logic": "AND",
    "repeat_relative": true,
    "repeat_time": -1,
    "simultaneous": false,
    "snd_complete": "random.levelup",
    "snd_update": "random.levelup",
    "task_logic": "OR",
    "visibility": "NORMAL"
  },
  "required_prerequisites": [
    294
  ],
  "rewards": [],
  "tasks": []
}
