---
source: tests/parse_samples.rs
expression: quest
---
{
  "id": 603,
  "prerequisites": [
    2356
  ],
  "properties": {
    "auto_claim": false,
    "desc": "You've heard rumors, that the endermen had built laboratories in the End. To invent new machines and weapons in order to attack the Overworld. One of their inventions is a chest, which is somehow linked to all instances of itself. Go and try to find one of those.",
    "global_share": true,
    "icon": null,
    "is_global": false,
    "is_main": false,
    "is_silent": false,
    "locked_progress": 0,
    "name": "Dimensional Chest",
    "party_single_reward": false,
    "quest_logic": "AND",
    "repeat_relative": true,
    "repeat_time": -1,
    "simultaneous": false,
    "snd_complete": "random.levelup",
    "snd_update": "random.levelup",
    "task_logic": "AND",
    "visibility": "NORMAL"
  },
  "required_prerequisites": [
    2356
  ],
  "rewards": [],
  "tasks": []
}
