---
source: tests/parse_samples.rs
expression: quest
---
{
  "id": 2044,
  "prerequisites": [
    15325266858921172336
  ],
  "properties": {
    "auto_claim": false,
    "desc": "For someone who needs to blast a truly §lridiculous§r amount of stuff, this is the machine for you. This monster machine can handle up to 256 parallel recipes at a time.\n\nThe glass tier limits the energy hatch tier that you can use. You can even use multiamp hatches from TecTech! If you want to use laser hatches however you need at least UV glass.",
    "global_share": true,
    "icon": null,
    "is_global": false,
    "is_main": false,
    "is_silent": false,
    "locked_progress": 0,
    "name": "§6§lMega is Betta",
    "party_single_reward": false,
    "quest_logic": "AND",
    "repeat_relative": true,
    "repeat_time": -1,
    "simultaneous": false,
    "snd_complete": "random.levelup",
    "snd_update": "random.levelup",
    "task_logic": "AND",
    "visibility": "NORMAL"
  },
  "required_prerequisites": [
    15325266858921172336
  ],
  "rewards": [],
  "tasks": []
}
