---
source: tests/parse_samples.rs
expression: quest
---
{
  "id": 763,
  "prerequisites": [
    80
  ],
  "properties": {
    "auto_claim": false,
    "desc": "Industrial TNT is the HV variant of TNT. It explodes with more power, and you can't pick it up. Not by hand anyway",
    "global_share": true,
    "icon": null,
    "is_global": false,
    "is_main": false,
    "is_silent": false,
    "locked_progress": 0,
    "name": "§6§liTNT",
    "party_single_reward": false,
    "quest_logic": "AND",
    "repeat_relative": true,
    "repeat_time": -1,
    "simultaneous": false,
    "snd_complete": "random.levelup",
    "snd_update": "random.levelup",
    "task_logic": "AND",
    "visibility": "NORMAL"
  },
  "required_prerequisites": [
    80
  ],
  "rewards": [],
  "tasks": []
}
