---
source: tests/parse_samples.rs
expression: quest
---
{
  "id": 16944308257597505418,
  "prerequisites": [
    13073740252492184943,
    1148,
    68758819462060313
  ],
  "properties": {
    "auto_claim": false,
    "desc": "The portable equivalent of the Copper Barrel.\n\nHas §n45§r slots.\n\n[note]Can be Dyed![/note]",
    "global_share": false,
    "icon": null,
    "is_global": null,
    "is_main": false,
    "is_silent": false,
    "locked_progress": 0,
    "name": "§2§lCopper Shulker Box",
    "party_single_reward": null,
    "quest_logic": "AND",
    "repeat_relative": true,
    "repeat_time": -1,
    "simultaneous": false,
    "snd_complete": "random.levelup",
    "snd_update": "random.levelup",
    "task_logic": "AND",
    "visibility": "NORMAL"
  },
  "required_prerequisites": [
    13073740252492184943,
    1148,
    68758819462060313
  ],
  "rewards": [],
  "tasks": []
}
