---
source: tests/parse_samples.rs
expression: quest
---
{
  "id": 384,
  "prerequisites": [
    452
  ],
  "properties": {
    "auto_claim": false,
    "desc": "Of course! The matter condenser! How come I didn't think of that?",
    "global_share": true,
    "icon": null,
    "is_global": false,
    "is_main": false,
    "is_silent": false,
    "locked_progress": 0,
    "name": "Now that Matters!",
    "party_single_reward": false,
    "quest_logic": "AND",
    "repeat_relative": true,
    "repeat_time": -1,
    "simultaneous": false,
    "snd_complete": "random.levelup",
    "snd_update": "random.levelup",
    "task_logic": "AND",
    "visibility": "SECRET"
  },
  "required_prerequisites": [
    452
  ],
  "rewards": [],
  "tasks": []
}
