---
source: tests/parse_samples.rs
expression: quest
---
{
  "id": 1368,
  "prerequisites": [
    225
  ],
  "properties": {
    "auto_claim": false,
    "desc": "If you're in the Twilight Forest and your portal gets broken, you're kinda stuck. Every 24h you're able to exchange some materials to get a new portal crystal to escape.\n\n§3Also consider making an extra yourself and sticking it in a chest on the TF side, just in case.",
    "global_share": true,
    "icon": null,
    "is_global": false,
    "is_main": false,
    "is_silent": false,
    "locked_progress": 0,
    "name": "Stuck in the Twilight Forest?",
    "party_single_reward": false,
    "quest_logic": "AND",
    "repeat_relative": true,
    "repeat_time": 1728000,
    "simultaneous": false,
    "snd_complete": "random.levelup",
    "snd_update": "random.levelup",
    "task_logic": "AND",
    "visibility": "NORMAL"
  },
  "required_prerequisites": [
    225
  ],
  "rewards": [],
  "tasks": []
}
