---
source: tests/parse_samples.rs
expression: quest
---
{
  "id": 84,
  "prerequisites": [
    52
  ],
  "properties": {
    "auto_claim": false,
    "desc": "With your brand new alloy smelter you are able to combine two materials. What happens if you mix some obsidian dust and thickened glass? Obsidian glass, great. Your first tank that you can make would be a Buildcraft tank. This tank can carry up 16 buckets of a single fluid. It's possible to upgrade those tanks so they can hold up to 64 buckets.\nYou can also stack the tanks to increase capacity.",
    "global_share": true,
    "icon": null,
    "is_global": false,
    "is_main": false,
    "is_silent": false,
    "locked_progress": 0,
    "name": "§3§lWhere Can I Put All the Liquids?",
    "party_single_reward": false,
    "quest_logic": "AND",
    "repeat_relative": true,
    "repeat_time": -1,
    "simultaneous": false,
    "snd_complete": "random.levelup",
    "snd_update": "random.levelup",
    "task_logic": "AND",
    "visibility": "NORMAL"
  },
  "required_prerequisites": [
    52
  ],
  "rewards": [],
  "tasks": []
}
