---
source: tests/parse_samples.rs
expression: quest
---
{
  "id": 1422,
  "prerequisites": [
    17509788580095423501
  ],
  "properties": {
    "auto_claim": false,
    "desc": "...go round and round, all the live long day. A large ore washing plant gets your rocks nice and clean. You can switch between Ore Washer and Chemical Bath modes with a screwdriver.",
    "global_share": true,
    "icon": null,
    "is_global": false,
    "is_main": false,
    "is_silent": false,
    "locked_progress": 0,
    "name": "The rocks in the washer...",
    "party_single_reward": false,
    "quest_logic": "AND",
    "repeat_relative": true,
    "repeat_time": -1,
    "simultaneous": false,
    "snd_complete": "random.levelup",
    "snd_update": "random.levelup",
    "task_logic": "AND",
    "visibility": "NORMAL"
  },
  "required_prerequisites": [
    17509788580095423501
  ],
  "rewards": [],
  "tasks": []
}
