---
source: tests/parse_samples.rs
expression: quest
---
{
  "id": 13267393435835023894,
  "prerequisites": [
    474
  ],
  "properties": {
    "auto_claim": false,
    "desc": "Having a hard time finding some Zinc Gravel Ore? I'll trade you some for your hard-earned coins.",
    "global_share": true,
    "icon": null,
    "is_global": false,
    "is_main": false,
    "is_silent": false,
    "locked_progress": 0,
    "name": "Zinc Gravel Ore",
    "party_single_reward": false,
    "quest_logic": "AND",
    "repeat_relative": true,
    "repeat_time": 24000,
    "simultaneous": false,
    "snd_complete": "random.levelup",
    "snd_update": "random.levelup",
    "task_logic": "AND",
    "visibility": "NORMAL"
  },
  "required_prerequisites": [
    474
  ],
  "rewards": [],
  "tasks": []
}
