---
source: tests/parse_samples.rs
expression: quest
---
{
  "id": 2168,
  "prerequisites": [
    2164,
    2169
  ],
  "properties": {
    "auto_claim": false,
    "desc": "Ah yes, Coal is King indeed. A great bee, giving you Coal to use to power your industry. Will require a Coal Block under your bee housing. This bee will also have the first really dangerous effect - it will apply a creeper explosion to you if you are not wearing your Apiarist suit. Breed them from Peat and Industrious.",
    "global_share": true,
    "icon": null,
    "is_global": false,
    "is_main": false,
    "is_silent": false,
    "locked_progress": 0,
    "name": "Coal",
    "party_single_reward": false,
    "quest_logic": "AND",
    "repeat_relative": true,
    "repeat_time": -1,
    "simultaneous": false,
    "snd_complete": "random.levelup",
    "snd_update": "random.levelup",
    "task_logic": "AND",
    "visibility": "NORMAL"
  },
  "required_prerequisites": [
    2164,
    2169
  ],
  "rewards": [],
  "tasks": []
}
