---
source: tests/parse_samples.rs
expression: quest
---
{
  "id": 2282,
  "prerequisites": [
    1117
  ],
  "properties": {
    "auto_claim": false,
    "desc": "The Ocean bee can be hard to breed since some servers use a worldgen that prevents ocean biomes from appearing. You might have luck trying in a Twilight Forest lake - you'll know you are in the right biome if you see Water Creepers! If you have trouble locating an appropriate spot, you can also purchase Ocean bees from the Coins tab. Breed them from Diligent and Water.",
    "global_share": true,
    "icon": null,
    "is_global": false,
    "is_main": false,
    "is_silent": false,
    "locked_progress": 0,
    "name": "Ocean",
    "party_single_reward": false,
    "quest_logic": "AND",
    "repeat_relative": true,
    "repeat_time": -1,
    "simultaneous": false,
    "snd_complete": "random.levelup",
    "snd_update": "random.levelup",
    "task_logic": "AND",
    "visibility": "NORMAL"
  },
  "required_prerequisites": [
    1117
  ],
  "rewards": [],
  "tasks": []
}
