---
source: tests/parse_samples.rs
expression: quest
---
{
  "id": 291,
  "prerequisites": [
    260
  ],
  "properties": {
    "auto_claim": false,
    "desc": "A state of the art thaumaturge doesn't do menial work anymore. He has little helpers instead. Golems can and will do all the things for you, just as you command them.",
    "global_share": true,
    "icon": null,
    "is_global": false,
    "is_main": false,
    "is_silent": false,
    "locked_progress": 0,
    "name": "Little Helpers",
    "party_single_reward": false,
    "quest_logic": "AND",
    "repeat_relative": true,
    "repeat_time": -1,
    "simultaneous": false,
    "snd_complete": "random.levelup",
    "snd_update": "random.levelup",
    "task_logic": "AND",
    "visibility": "NORMAL"
  },
  "required_prerequisites": [
    260
  ],
  "rewards": [],
  "tasks": []
}
