---
source: tests/parse_samples.rs
expression: quest
---
{
  "id": 1399,
  "prerequisites": [
    238
  ],
  "properties": {
    "auto_claim": false,
    "desc": "The Wand Focus: Mage's Mace can be equipped by any wand and will boost its attack damage to 30 hearts. Equipping it to a staff will deal double damage.\n\n[note]This focus accepts the following upgrades in the Focal Manipulator:[/note]\n§5Frugal§r: Lowers vis cost to cast by 10% per level\n§5Potency§r: Increases damage dealt every level\n§5Bloodlust§r (level 5): Slain mobs may drop Crystal Blood like when killed with a Crystal Dagger",
    "global_share": true,
    "icon": null,
    "is_global": false,
    "is_main": false,
    "is_silent": false,
    "locked_progress": 0,
    "name": "A Battlemage's Best Friend",
    "party_single_reward": false,
    "quest_logic": "AND",
    "repeat_relative": true,
    "repeat_time": -1,
    "simultaneous": false,
    "snd_complete": "random.levelup",
    "snd_update": "random.levelup",
    "task_logic": "AND",
    "visibility": "NORMAL"
  },
  "required_prerequisites": [
    238
  ],
  "rewards": [],
  "tasks": []
}
