---
source: tests/parse_samples.rs
expression: quest
---
{
  "id": 402,
  "prerequisites": [
    2348
  ],
  "properties": {
    "auto_claim": false,
    "desc": "A Lord of Torment is a mighty demonic being that is able to create prisons to torment its victims. Those foolish enough to summon one of these creatures must prepare for an arduous fight.",
    "global_share": true,
    "icon": null,
    "is_global": false,
    "is_main": false,
    "is_silent": false,
    "locked_progress": 0,
    "name": "Kill Lord of Tormentum",
    "party_single_reward": false,
    "quest_logic": "AND",
    "repeat_relative": true,
    "repeat_time": -1,
    "simultaneous": false,
    "snd_complete": "random.levelup",
    "snd_update": "random.levelup",
    "task_logic": "AND",
    "visibility": "NORMAL"
  },
  "required_prerequisites": [
    2348
  ],
  "rewards": [],
  "tasks": []
}
