---
source: tests/parse_samples.rs
expression: quest
---
{
  "id": 2935,
  "prerequisites": [
    2934
  ],
  "properties": {
    "auto_claim": false,
    "desc": "This solvent can be 100% recycled in the naquadah process line, so don't make a line for it.",
    "global_share": false,
    "icon": null,
    "is_global": null,
    "is_main": true,
    "is_silent": false,
    "locked_progress": 0,
    "name": "§c§lP-507",
    "party_single_reward": null,
    "quest_logic": "AND",
    "repeat_relative": true,
    "repeat_time": -1,
    "simultaneous": false,
    "snd_complete": "random.levelup",
    "snd_update": "random.levelup",
    "task_logic": "AND",
    "visibility": "NORMAL"
  },
  "required_prerequisites": [
    2934
  ],
  "rewards": [],
  "tasks": []
}
