---
source: tests/parse_samples.rs
expression: quest
---
{
  "id": 403,
  "prerequisites": [
    1571
  ],
  "properties": {
    "auto_claim": false,
    "desc": "Mog and Gulg are the god-like beings that hobgoblins worship. They may send their avatars to pay witches a visit who exploit their worship (with a statue of hobgoblin patron). Rumor has it that using a nether star may make them take immediate notice.",
    "global_share": true,
    "icon": null,
    "is_global": false,
    "is_main": false,
    "is_silent": false,
    "locked_progress": 0,
    "name": "Kill Mog and Gulg",
    "party_single_reward": false,
    "quest_logic": "AND",
    "repeat_relative": true,
    "repeat_time": -1,
    "simultaneous": false,
    "snd_complete": "random.levelup",
    "snd_update": "random.levelup",
    "task_logic": "AND",
    "visibility": "NORMAL"
  },
  "required_prerequisites": [
    1571
  ],
  "rewards": [],
  "tasks": []
}
