---
source: tests/parse_samples.rs
expression: quest
---
{
  "id": 1822,
  "prerequisites": [
    860
  ],
  "properties": {
    "auto_claim": false,
    "desc": "Annoyed by building chains of transformers? Don't want an Explosion Risk at your base? Want to use these fancy 64A Hatches and Dynamos from TecTech to convert your power? Make a Manual Dynamo and convert it all!\n\n[note]Also needs a muffler, energy hatch, and dynamo. Not guaranteed to work, wishing you all the best though.[/note]",
    "global_share": true,
    "icon": null,
    "is_global": false,
    "is_main": false,
    "is_silent": false,
    "locked_progress": 0,
    "name": "Manual Transformer",
    "party_single_reward": false,
    "quest_logic": "AND",
    "repeat_relative": true,
    "repeat_time": -1,
    "simultaneous": false,
    "snd_complete": "random.levelup",
    "snd_update": "random.levelup",
    "task_logic": "AND",
    "visibility": "NORMAL"
  },
  "required_prerequisites": [
    860
  ],
  "rewards": [],
  "tasks": []
}
