---
source: tests/parse_samples.rs
expression: quest
---
{
  "id": 834,
  "prerequisites": [
    66
  ],
  "properties": {
    "auto_claim": false,
    "desc": "For every circuit you need a circuit board. Craft a coated circuit board and use copper wire to finish it.",
    "global_share": true,
    "icon": null,
    "is_global": false,
    "is_main": true,
    "is_silent": false,
    "locked_progress": 0,
    "name": "§3§lCircuit Boards",
    "party_single_reward": false,
    "quest_logic": "AND",
    "repeat_relative": true,
    "repeat_time": -1,
    "simultaneous": false,
    "snd_complete": "random.levelup",
    "snd_update": "random.levelup",
    "task_logic": "AND",
    "visibility": "NORMAL"
  },
  "required_prerequisites": [
    66
  ],
  "rewards": [],
  "tasks": []
}
