---
source: tests/parse_samples.rs
expression: quest
---
{
  "id": 3269,
  "prerequisites": [
    3264
  ],
  "properties": {
    "auto_claim": false,
    "desc": "The soarleander generates mana by consuming anything chicken-related, including entire chickens.",
    "global_share": false,
    "icon": null,
    "is_global": null,
    "is_main": false,
    "is_silent": false,
    "locked_progress": 0,
    "name": "Chickenization",
    "party_single_reward": null,
    "quest_logic": "AND",
    "repeat_relative": true,
    "repeat_time": -1,
    "simultaneous": false,
    "snd_complete": "random.levelup",
    "snd_update": "random.levelup",
    "task_logic": "AND",
    "visibility": "NORMAL"
  },
  "required_prerequisites": [
    3264
  ],
  "rewards": [],
  "tasks": []
}
