---
source: tests/parse_samples.rs
expression: quest
---
{
  "id": 2636,
  "prerequisites": [
    2659,
    2615
  ],
  "properties": {
    "auto_claim": false,
    "desc": "To make Bioware Boards and Circuits, you need to either make a UV Circuit Assembling Machine or obtain a UHV energy hatch for your circuit assembly machine.",
    "global_share": false,
    "icon": null,
    "is_global": null,
    "is_main": true,
    "is_silent": false,
    "locked_progress": 0,
    "name": "Assembling Living Circuits",
    "party_single_reward": null,
    "quest_logic": "AND",
    "repeat_relative": true,
    "repeat_time": -1,
    "simultaneous": false,
    "snd_complete": "random.levelup",
    "snd_update": "random.levelup",
    "task_logic": "OR",
    "visibility": "NORMAL"
  },
  "required_prerequisites": [
    2659,
    2615
  ],
  "rewards": [],
  "tasks": []
}
