---
source: tests/parse_samples.rs
expression: quest
---
{
  "id": 11422892994693069592,
  "prerequisites": [
    11861152961868178529
  ],
  "properties": {
    "auto_claim": false,
    "desc": "Do you remember Niobium-Titanium? This time, it's just Niobium! Just kidding, Titanium's coming up in a special form...\n\nBoth this and the Zinc Plasma recipe are very fast, so you won't need more than 1 reactor unless your scale is very large. Upgrade later as needed, use a mk2 or even mk3 for now.",
    "global_share": false,
    "icon": null,
    "is_global": null,
    "is_main": false,
    "is_silent": false,
    "locked_progress": 0,
    "name": "Niobiumization",
    "party_single_reward": null,
    "quest_logic": "AND",
    "repeat_relative": true,
    "repeat_time": -1,
    "simultaneous": false,
    "snd_complete": "random.levelup",
    "snd_update": "random.levelup",
    "task_logic": "AND",
    "visibility": "NORMAL"
  },
  "required_prerequisites": [
    11861152961868178529
  ],
  "rewards": [],
  "tasks": []
}
