---
source: tests/parse_samples.rs
expression: quest
---
{
  "id": 1012,
  "optional_prerequisites": [
    1424,
    1011
  ],
  "prerequisites": [],
  "properties": {
    "auto_claim": false,
    "desc": "You've gotten some Rutile as a byproduct by now, right? Or EBF'd some Ilmenite?\n\nRutile, Chlorine and Carbon makes Titaniumtetrachloride, and some CO. You can recycle this for Carbon if you want to. Best use a Large Chemical Reactor in that case to get the full recipe.\n\nCombining TiCl4 with Magnesium in an HV EBF will give you a Hot Titanium ingot, and Magnesiumchloride. You can recycle this as well to get all the Magnesium and Chlorine back using some Sodium.",
    "global_share": true,
    "icon": null,
    "is_global": false,
    "is_main": true,
    "is_silent": false,
    "locked_progress": 0,
    "name": "§9§lRutile",
    "party_single_reward": false,
    "quest_logic": "OR",
    "repeat_relative": true,
    "repeat_time": -1,
    "simultaneous": false,
    "snd_complete": "random.levelup",
    "snd_update": "random.levelup",
    "task_logic": "AND",
    "visibility": "NORMAL"
  },
  "rewards": [],
  "tasks": []
}
