---
source: tests/parse_samples.rs
expression: quest
---
{
  "id": 2929,
  "prerequisites": [
    2928
  ],
  "properties": {
    "auto_claim": false,
    "desc": "The solution is acidic now. Gallium will be separated when 8 < pH < 10.",
    "global_share": false,
    "icon": null,
    "is_global": null,
    "is_main": true,
    "is_silent": false,
    "locked_progress": 0,
    "name": "§c§lNeutralization",
    "party_single_reward": null,
    "quest_logic": "AND",
    "repeat_relative": true,
    "repeat_time": -1,
    "simultaneous": false,
    "snd_complete": "random.levelup",
    "snd_update": "random.levelup",
    "task_logic": "AND",
    "visibility": "NORMAL"
  },
  "required_prerequisites": [
    2928
  ],
  "rewards": [],
  "tasks": []
}
