---
source: tests/parse_samples.rs
expression: quest
---
{
  "id": 16133668729603072343,
  "prerequisites": [],
  "properties": {
    "auto_claim": true,
    "desc": "No Description",
    "global_share": false,
    "icon": null,
    "is_global": null,
    "is_main": false,
    "is_silent": false,
    "locked_progress": 0,
    "name": "Trigger: Profane Wand",
    "party_single_reward": null,
    "quest_logic": "AND",
    "repeat_relative": true,
    "repeat_time": -1,
    "simultaneous": false,
    "snd_complete": "random.levelup",
    "snd_update": "random.levelup",
    "task_logic": "AND",
    "visibility": "HIDDEN"
  },
  "rewards": [],
  "tasks": []
}
