---
source: tests/parse_samples.rs
expression: quest
---
{
  "id": 2330,
  "prerequisites": [
    2321,
    2318
  ],
  "properties": {
    "auto_claim": false,
    "desc": "Combining Ruthenium with Iridium yields a very special metal, that is needed for LuV components.\n\nYou're gonna need a bunch of it.",
    "global_share": false,
    "icon": null,
    "is_global": null,
    "is_main": true,
    "is_silent": false,
    "locked_progress": 0,
    "name": "§b§lRuri... Ruridididi?",
    "party_single_reward": false,
    "quest_logic": "AND",
    "repeat_relative": true,
    "repeat_time": -1,
    "simultaneous": false,
    "snd_complete": "random.levelup",
    "snd_update": "random.levelup",
    "task_logic": "AND",
    "visibility": "NORMAL"
  },
  "required_prerequisites": [
    2321,
    2318
  ],
  "rewards": [],
  "tasks": []
}
