---
source: tests/parse_samples.rs
expression: quest
---
{
  "id": 2177,
  "prerequisites": [
    1116
  ],
  "properties": {
    "auto_claim": false,
    "desc": "Sinister bees will hurt nearby mobs and players. Make sure to wear your suit. They will require breeding in the Nether. Breed them from Modest and Cultivated.",
    "global_share": true,
    "icon": null,
    "is_global": false,
    "is_main": false,
    "is_silent": false,
    "locked_progress": 0,
    "name": "Sinister",
    "party_single_reward": false,
    "quest_logic": "AND",
    "repeat_relative": true,
    "repeat_time": -1,
    "simultaneous": false,
    "snd_complete": "random.levelup",
    "snd_update": "random.levelup",
    "task_logic": "AND",
    "visibility": "NORMAL"
  },
  "required_prerequisites": [
    1116
  ],
  "rewards": [],
  "tasks": []
}
