---
source: tests/parse_samples.rs
expression: quest
---
{
  "id": 1294,
  "prerequisites": [
    1296
  ],
  "properties": {
    "auto_claim": false,
    "desc": "Used to accelerate the process of purifying crystals, which allows you to create pure certus quartz crystal, pure nether quartz crystal and pure fluix crystal. Must be powered by an ME Network via the sides with the +, and consumes a steady 8 ae/t while plugged in. Crystal Seeds must be in an adjacent water block to be affected - the seeds will shimmer more rapidly when in the presence of a powered crystal growth accelerator. These do not use a channel.",
    "global_share": true,
    "icon": null,
    "is_global": false,
    "is_main": false,
    "is_silent": false,
    "locked_progress": 0,
    "name": "Speeding Up Growth",
    "party_single_reward": false,
    "quest_logic": "AND",
    "repeat_relative": true,
    "repeat_time": -1,
    "simultaneous": false,
    "snd_complete": "random.levelup",
    "snd_update": "random.levelup",
    "task_logic": "AND",
    "visibility": "NORMAL"
  },
  "required_prerequisites": [
    1296
  ],
  "rewards": [],
  "tasks": []
}
