---
source: tests/parse_samples.rs
expression: quest
---
{
  "id": 238,
  "prerequisites": [
    240,
    237,
    239
  ],
  "properties": {
    "auto_claim": false,
    "desc": "Your arcane table does a great job with infusing primal vis into items while crafting. However, you feel that there must be more. What if you could infuse items with all kinds of magic aspects? The possibilities are endless...",
    "global_share": true,
    "icon": null,
    "is_global": false,
    "is_main": true,
    "is_silent": false,
    "locked_progress": 0,
    "name": "Fuuuuuu...(sion)!",
    "party_single_reward": false,
    "quest_logic": "AND",
    "repeat_relative": true,
    "repeat_time": -1,
    "simultaneous": false,
    "snd_complete": "random.levelup",
    "snd_update": "random.levelup",
    "task_logic": "AND",
    "visibility": "NORMAL"
  },
  "required_prerequisites": [
    240,
    237,
    239
  ],
  "rewards": [],
  "tasks": []
}
