---
source: tests/parse_samples.rs
expression: quest
---
{
  "id": 1248,
  "prerequisites": [
    1249,
    1223
  ],
  "properties": {
    "auto_claim": false,
    "desc": "This is the Nano Processor circuit line. Similar to the previous circuit line, these are four circuits. The §onano§r circuits go all the way to the LuV-tier Nano Mainframe.",
    "global_share": true,
    "icon": null,
    "is_global": false,
    "is_main": true,
    "is_silent": false,
    "locked_progress": 0,
    "name": "§a§lNano Processor",
    "party_single_reward": false,
    "quest_logic": "AND",
    "repeat_relative": true,
    "repeat_time": -1,
    "simultaneous": false,
    "snd_complete": "random.levelup",
    "snd_update": "random.levelup",
    "task_logic": "AND",
    "visibility": "NORMAL"
  },
  "required_prerequisites": [
    1249,
    1223
  ],
  "rewards": [],
  "tasks": []
}
