---
source: tests/parse_samples.rs
expression: quest
---
{
  "id": 1177,
  "prerequisites": [
    241
  ],
  "properties": {
    "auto_claim": false,
    "desc": "Now it's time to 'cook' your first thaumium ingots. After first researching it, you need iron ingots and praecantatio essentia to make it.",
    "global_share": true,
    "icon": null,
    "is_global": false,
    "is_main": true,
    "is_silent": false,
    "locked_progress": 0,
    "name": "Thaumium Cooking",
    "party_single_reward": false,
    "quest_logic": "AND",
    "repeat_relative": true,
    "repeat_time": -1,
    "simultaneous": false,
    "snd_complete": "random.levelup",
    "snd_update": "random.levelup",
    "task_logic": "AND",
    "visibility": "NORMAL"
  },
  "required_prerequisites": [
    241
  ],
  "rewards": [],
  "tasks": []
}
