---
source: tests/parse_samples.rs
expression: quest
---
{
  "id": 843,
  "prerequisites": [
    736
  ],
  "properties": {
    "auto_claim": false,
    "desc": "Methanol has a burn value of 84,000 EU per cell and can be used to make bio diesel and other fluids. It's also used to make certain rocket fuels.",
    "global_share": true,
    "icon": null,
    "is_global": false,
    "is_main": false,
    "is_silent": false,
    "locked_progress": 0,
    "name": "§6§lMethanol",
    "party_single_reward": false,
    "quest_logic": "AND",
    "repeat_relative": true,
    "repeat_time": -1,
    "simultaneous": false,
    "snd_complete": "random.levelup",
    "snd_update": "random.levelup",
    "task_logic": "AND",
    "visibility": "NORMAL"
  },
  "required_prerequisites": [
    736
  ],
  "rewards": [],
  "tasks": []
}
