---
source: tests/parse_samples.rs
expression: quest
---
{
  "id": 1704,
  "prerequisites": [
    1696
  ],
  "properties": {
    "auto_claim": false,
    "desc": "Chromium Trioxide is made out of chrome and oxygen in two steps. First you make Chromium Dioxide and then Chromium Trioxide.",
    "global_share": true,
    "icon": null,
    "is_global": false,
    "is_main": true,
    "is_silent": false,
    "locked_progress": 0,
    "name": "§b§lChromium Trioxide",
    "party_single_reward": false,
    "quest_logic": "AND",
    "repeat_relative": true,
    "repeat_time": -1,
    "simultaneous": false,
    "snd_complete": "random.levelup",
    "snd_update": "random.levelup",
    "task_logic": "AND",
    "visibility": "UNLOCKED"
  },
  "required_prerequisites": [
    1696
  ],
  "rewards": [],
  "tasks": []
}
