---
source: tests/parse_samples.rs
expression: quest
---
{
  "id": 2312,
  "prerequisites": [
    2306
  ],
  "properties": {
    "auto_claim": false,
    "desc": "You will need heat and Hydrochloric Acid to separate Iridium and Osmium from the Rarest Metal Residue, but we're getting to the end.",
    "global_share": false,
    "icon": null,
    "is_global": null,
    "is_main": true,
    "is_silent": false,
    "locked_progress": 0,
    "name": "§b§lFinal Separation - Iridium & Osmium",
    "party_single_reward": false,
    "quest_logic": "AND",
    "repeat_relative": true,
    "repeat_time": -1,
    "simultaneous": false,
    "snd_complete": "random.levelup",
    "snd_update": "random.levelup",
    "task_logic": "AND",
    "visibility": "CHAIN"
  },
  "required_prerequisites": [
    2306
  ],
  "rewards": [],
  "tasks": []
}
