---
source: tests/parse_samples.rs
expression: quest
---
{
  "id": 413,
  "prerequisites": [
    415
  ],
  "properties": {
    "auto_claim": false,
    "desc": "If empty, you don't have to throw the potion away. Just refill it.",
    "global_share": true,
    "icon": null,
    "is_global": false,
    "is_main": false,
    "is_silent": false,
    "locked_progress": 0,
    "name": "Refilling Your Potions",
    "party_single_reward": false,
    "quest_logic": "AND",
    "repeat_relative": true,
    "repeat_time": -1,
    "simultaneous": false,
    "snd_complete": "random.levelup",
    "snd_update": "random.levelup",
    "task_logic": "AND",
    "visibility": "NORMAL"
  },
  "required_prerequisites": [
    415
  ],
  "rewards": [],
  "tasks": []
}
