---
source: tests/parse_samples.rs
expression: quest
---
{
  "id": 362,
  "prerequisites": [
    361,
    2202
  ],
  "properties": {
    "auto_claim": false,
    "desc": "A remarkable bee. If you thought americium can only be obtained from fusion you would be wrong.",
    "global_share": true,
    "icon": null,
    "is_global": false,
    "is_main": false,
    "is_silent": false,
    "locked_progress": 0,
    "name": "Americium",
    "party_single_reward": false,
    "quest_logic": "AND",
    "repeat_relative": true,
    "repeat_time": -1,
    "simultaneous": false,
    "snd_complete": "random.levelup",
    "snd_update": "random.levelup",
    "task_logic": "AND",
    "visibility": "NORMAL"
  },
  "required_prerequisites": [
    361,
    2202
  ],
  "rewards": [],
  "tasks": []
}
