---
source: tests/parse_samples.rs
expression: quest
---
{
  "id": 2451,
  "prerequisites": [
    422
  ],
  "properties": {
    "auto_claim": false,
    "desc": "The Blood Letters Pack will damage you by half a heart until you're at half health (accounts for extra health!), and stores 100 LP each time up to 10,000. You can then use it on an altar to deposit the contents so long as it's not currently crafting something.",
    "global_share": false,
    "icon": null,
    "is_global": null,
    "is_main": false,
    "is_silent": false,
    "locked_progress": 0,
    "name": "Blood Letters Pack",
    "party_single_reward": false,
    "quest_logic": "AND",
    "repeat_relative": true,
    "repeat_time": -1,
    "simultaneous": false,
    "snd_complete": "random.levelup",
    "snd_update": "random.levelup",
    "task_logic": "AND",
    "visibility": "NORMAL"
  },
  "required_prerequisites": [
    422
  ],
  "rewards": [],
  "tasks": []
}
