---
source: tests/parse_samples.rs
expression: quest
---
{
  "id": 6361690505160453527,
  "prerequisites": [
    11876062681918760726
  ],
  "properties": {
    "auto_claim": false,
    "desc": "Logistics Pipes have automation capability in place, but first, it needs to know what inventory that items inside can be used for requests.\n\nThe Provider module does this job nicely. When you open the interface of the module, there is a 3*3 grid. You can pick what items that the module can provide, or you can leave it empty as \"everything in the inventory can be provided for requests\".",
    "global_share": false,
    "icon": null,
    "is_global": null,
    "is_main": false,
    "is_silent": false,
    "locked_progress": 0,
    "name": "Preparin' for Requestin'",
    "party_single_reward": null,
    "quest_logic": "AND",
    "repeat_relative": true,
    "repeat_time": -1,
    "simultaneous": false,
    "snd_complete": "random.levelup",
    "snd_update": "random.levelup",
    "task_logic": "AND",
    "visibility": "NORMAL"
  },
  "required_prerequisites": [
    11876062681918760726
  ],
  "rewards": [],
  "tasks": []
}
