---
source: tests/parse_samples.rs
expression: quest
---
{
  "id": 1857,
  "prerequisites": [
    665,
    637
  ],
  "properties": {
    "auto_claim": false,
    "desc": "Do you like pies? I sure do! There are many varieties of pies available for you. The chicken pot pie is one of the easiest to make. Just a chicken, potato, carrot, and some dough. The fruit pies are a little simpler, so they don't quite restore as much saturation, but are great for filling tummies while you wait for the best foods to wear off.",
    "global_share": true,
    "icon": null,
    "is_global": false,
    "is_main": false,
    "is_silent": false,
    "locked_progress": 0,
    "name": "No Chicken Escapes!",
    "party_single_reward": false,
    "quest_logic": "AND",
    "repeat_relative": true,
    "repeat_time": -1,
    "simultaneous": false,
    "snd_complete": "random.levelup",
    "snd_update": "random.levelup",
    "task_logic": "AND",
    "visibility": "NORMAL"
  },
  "required_prerequisites": [
    665,
    637
  ],
  "rewards": [],
  "tasks": []
}
