---
source: tests/parse_samples.rs
expression: quest
---
{
  "id": 1260,
  "prerequisites": [
    1312
  ],
  "properties": {
    "auto_claim": false,
    "desc": "Component of the crafting CPU which displays the top level job and its current progress so you can monitor at a glance how your crafting jobs are progressing.",
    "global_share": true,
    "icon": null,
    "is_global": false,
    "is_main": false,
    "is_silent": false,
    "locked_progress": 0,
    "name": "Crafting Monitor",
    "party_single_reward": false,
    "quest_logic": "AND",
    "repeat_relative": true,
    "repeat_time": -1,
    "simultaneous": false,
    "snd_complete": "random.levelup",
    "snd_update": "random.levelup",
    "task_logic": "AND",
    "visibility": "NORMAL"
  },
  "required_prerequisites": [
    1312
  ],
  "rewards": [],
  "tasks": []
}
