---
source: tests/parse_samples.rs
expression: quest
---
{
  "id": 591,
  "prerequisites": [
    582
  ],
  "properties": {
    "auto_claim": false,
    "desc": "You can control which fields of your farm work by applying a redstone signal to the control block. You can either shut down the whole farm by applying a redstone signal from top or below or you can disable a specific side by applying a redstone signal on the matching side of the control block.",
    "global_share": true,
    "icon": null,
    "is_global": false,
    "is_main": false,
    "is_silent": false,
    "locked_progress": 0,
    "name": "Multifarm: Control",
    "party_single_reward": false,
    "quest_logic": "AND",
    "repeat_relative": true,
    "repeat_time": -1,
    "simultaneous": false,
    "snd_complete": "random.levelup",
    "snd_update": "random.levelup",
    "task_logic": "AND",
    "visibility": "NORMAL"
  },
  "required_prerequisites": [
    582
  ],
  "rewards": [],
  "tasks": []
}
