---
source: tests/parse_samples.rs
expression: quest
---
{
  "id": 1187,
  "prerequisites": [
    866,
    77
  ],
  "properties": {
    "auto_claim": false,
    "desc": "Did you ever dream of driving in a railcart at high speeds? Well your dreams can come true with the high speed tracks. Be careful though; you need to lower the speed when your rails change direction or when the track ends.",
    "global_share": true,
    "icon": null,
    "is_global": false,
    "is_main": false,
    "is_silent": false,
    "locked_progress": 0,
    "name": "The Transcontinental Railroad - High-Speed",
    "party_single_reward": false,
    "quest_logic": "AND",
    "repeat_relative": true,
    "repeat_time": -1,
    "simultaneous": false,
    "snd_complete": "random.levelup",
    "snd_update": "random.levelup",
    "task_logic": "AND",
    "visibility": "NORMAL"
  },
  "required_prerequisites": [
    866,
    77
  ],
  "rewards": [],
  "tasks": []
}
