---
source: tests/parse_samples.rs
expression: quest
---
{
  "id": 122,
  "prerequisites": [
    120
  ],
  "properties": {
    "auto_claim": false,
    "desc": "Turrets must be placed on top of a turret base. Only the player who initially placed the base can access and configure the turret. So don't worry about people taking your ammunition.",
    "global_share": true,
    "icon": null,
    "is_global": false,
    "is_main": false,
    "is_silent": false,
    "locked_progress": 0,
    "name": "§5§lTurret Base",
    "party_single_reward": false,
    "quest_logic": "AND",
    "repeat_relative": true,
    "repeat_time": -1,
    "simultaneous": false,
    "snd_complete": "random.levelup",
    "snd_update": "random.levelup",
    "task_logic": "AND",
    "visibility": "NORMAL"
  },
  "required_prerequisites": [
    120
  ],
  "rewards": [],
  "tasks": []
}
