---
source: tests/parse_samples.rs
expression: quest
---
{
  "id": 9933331476569683732,
  "prerequisites": [
    13689045632609175760
  ],
  "properties": {
    "auto_claim": false,
    "desc": "This block can be used to configure the Mothership's name and icon, who is allowed to land on it and who is allowed to access the Navigation Console and the Thrusters.",
    "global_share": false,
    "icon": null,
    "is_global": null,
    "is_main": false,
    "is_silent": false,
    "locked_progress": 0,
    "name": "steve@mothership:~$",
    "party_single_reward": null,
    "quest_logic": "AND",
    "repeat_relative": true,
    "repeat_time": -1,
    "simultaneous": false,
    "snd_complete": "random.levelup",
    "snd_update": "random.levelup",
    "task_logic": "AND",
    "visibility": "NORMAL"
  },
  "required_prerequisites": [
    13689045632609175760
  ],
  "rewards": [],
  "tasks": []
}
