---
source: tests/parse_samples.rs
expression: quest
---
{
  "id": 292,
  "prerequisites": [
    291
  ],
  "properties": {
    "auto_claim": false,
    "desc": "Wood is somewhat better than straw. They are still to be considered weak, but an ideal little cutie for farms.",
    "global_share": true,
    "icon": null,
    "is_global": false,
    "is_main": false,
    "is_silent": false,
    "locked_progress": 0,
    "name": "Slightly Better",
    "party_single_reward": false,
    "quest_logic": "AND",
    "repeat_relative": true,
    "repeat_time": -1,
    "simultaneous": false,
    "snd_complete": "random.levelup",
    "snd_update": "random.levelup",
    "task_logic": "AND",
    "visibility": "NORMAL"
  },
  "required_prerequisites": [
    291
  ],
  "rewards": [],
  "tasks": []
}
