---
source: tests/parse_samples.rs
expression: quest
---
{
  "id": 1241,
  "prerequisites": [
    1252
  ],
  "properties": {
    "auto_claim": false,
    "desc": "Radon is needed for EV emitters and sensors.\n\nIf you can get some Plutonium 239 and Uranium 238, you can use the LCR recipe and just keep cycling the Plutonium around to get more.",
    "global_share": true,
    "icon": null,
    "is_global": false,
    "is_main": false,
    "is_silent": false,
    "locked_progress": 0,
    "name": "§a§lRadon Loop",
    "party_single_reward": false,
    "quest_logic": "AND",
    "repeat_relative": true,
    "repeat_time": -1,
    "simultaneous": false,
    "snd_complete": "random.levelup",
    "snd_update": "random.levelup",
    "task_logic": "AND",
    "visibility": "NORMAL"
  },
  "required_prerequisites": [
    1252
  ],
  "rewards": [],
  "tasks": []
}
